Script started on 2025-07-01 18:35:19+09:00 [TERM="xterm-256color" TTY="/dev/pts/0" COLUMNS="145" LINES="16"]
pyenv-virtualenv: version `python_sesac' is already activated
[?2004h]0;jhlee1@JH: /mnt/c/Users/LEE/Documents/202506_VS/day6[01;32mjhlee1@JH[00m:[01;34m/mnt/c/Users/LEE/Documents/202506_VS/day6[00m$ exitgit statusbranch[K[K[K[K[K[K[K[K[K[Kpython organize_log_files.py 
[?2004lTraceback (most recent call last):
  File "/mnt/c/Users/LEE/Documents/202506_VS/day6/organize_log_files.py", line 7, in <module>
    with open("logs/log.txt","r") as f: # r : 읽기 모드 (파일이 존재해야 함)
         ^^^^^^^^^^^^^^^^^^^^^^^^
FileNotFoundError: [Errno 2] No such file or directory: 'logs/log.txt'
[?2004h]0;jhlee1@JH: /mnt/c/Users/LEE/Documents/202506_VS/day6[01;32mjhlee1@JH[00m:[01;34m/mnt/c/Users/LEE/Documents/202506_VS/day6[00m$ [K]0;jhlee1@JH: /mnt/c/Users/LEE/Documents/202506_VS/day6[01;32mjhlee1@JH[00m:[01;34m/mnt/c/Users/LEE/Documents/202506_VS/day6[00m$ [K]0;jhlee1@JH: /mnt/c/Users/LEE/Documents/202506_VS/day6[01;32mjhlee1@JH[00m:[01;34m/mnt/c/Users/LEE/Documents/202506_VS/day6[00m$ [K]0;jhlee1@JH: /mnt/c/Users/LEE/Documents/202506_VS/day6[01;32mjhlee1@JH[00m:[01;34m/mnt/c/Users/LEE/Documents/202506_VS/day6[00m$ [K]0;jhlee1@JH: /mnt/c/Users/LEE/Documents/202506_VS/day6[01;32mjhlee1@JH[00m:[01;34m/mnt/c/Users/LEE/Documents/202506_VS/day6[00m$ [K]0;jhlee1@JH: /mnt/c/Users/LEE/Documents/202506_VS/day6[01;32mjhlee1@JH[00m:[01;34m/mnt/c/Users/LEE/Documents/202506_VS/day6[00m$ [K]0;jhlee1@JH: /mnt/c/Users/LEE/Documents/202506_VS/day6[01;32mjhlee1@JH[00m:[01;34m/mnt/c/Users/LEE/Documents/202506_VS/day6[00m$ git add [K[K[K[Kstatus
[?2004lOn branch main
Your branch is up to date with 'origin/main'.

Untracked files:
  (use "git add <file>..." to include in what will be committed)
	[31morganize_log_files.py[m
	[31mterminal_log.txt[m

nothing added to commit but untracked files present (use "git add" to track)
[?2004h]0;jhlee1@JH: /mnt/c/Users/LEE/Documents/202506_VS/day6[01;32mjhlee1@JH[00m:[01;34m/mnt/c/Users/LEE/Documents/202506_VS/day6[00m$ git organize_log_files.py[Caorganize_log_files.pydorganize_log_files.pydorganize_log_files.py organize_log_files.py
[?2004l[?2004h]0;jhlee1@JH: /mnt/c/Users/LEE/Documents/202506_VS/day6[01;32mjhlee1@JH[00m:[01;34m/mnt/c/Users/LEE/Documents/202506_VS/day6[00m$ git commit -m "organizw[Ke_lig[K[Kof_[K[Kg_file.py"forganize_log_file.py"iorganize_log_file.py"sorganize_log_file.py"torganize_log_file.py"[1Porganize_log_file.py"[1Porganize_log_file.py"rorganize_log_file.py"sorganize_log_file.py"torganize_log_file.py" organize_log_file.py"corganize_log_file.py"[Corganize_log_file.py"morganize_log_file.py"morganize_log_file.py"iorganize_log_file.py"torganize_log_file.py" organize_log_file.py":organize_log_file.py"[1Porganize_log_file.py":organize_log_file.py" organize_log_file.py"
[?2004l[main 29b1ce5] first commit : organize_log_file.py
 1 file changed, 15 insertions(+)
 create mode 100644 organize_log_files.py
[?2004h]0;jhlee1@JH: /mnt/c/Users/LEE/Documents/202506_VS/day6[01;32mjhlee1@JH[00m:[01;34m/mnt/c/Users/LEE/Documents/202506_VS/day6[00m$ [K]0;jhlee1@JH: /mnt/c/Users/LEE/Documents/202506_VS/day6[01;32mjhlee1@JH[00m:[01;34m/mnt/c/Users/LEE/Documents/202506_VS/day6[00m$ [K]0;jhlee1@JH: /mnt/c/Users/LEE/Documents/202506_VS/day6[01;32mjhlee1@JH[00m:[01;34m/mnt/c/Users/LEE/Documents/202506_VS/day6[00m$ [K]0;jhlee1@JH: /mnt/c/Users/LEE/Documents/202506_VS/day6[01;32mjhlee1@JH[00m:[01;34m/mnt/c/Users/LEE/Documents/202506_VS/day6[00m$ [K]0;jhlee1@JH: /mnt/c/Users/LEE/Documents/202506_VS/day6[01;32mjhlee1@JH[00m:[01;34m/mnt/c/Users/LEE/Documents/202506_VS/day6[00m$ [K]0;jhlee1@JH: /mnt/c/Users/LEE/Documents/202506_VS/day6[01;32mjhlee1@JH[00m:[01;34m/mnt/c/Users/LEE/Documents/202506_VS/day6[00m$ [K]0;jhlee1@JH: /mnt/c/Users/LEE/Documents/202506_VS/day6[01;32mjhlee1@JH[00m:[01;34m/mnt/c/Users/LEE/Documents/202506_VS/day6[00m$ [K]0;jhlee1@JH: /mnt/c/Users/LEE/Documents/202506_VS/day6[01;32mjhlee1@JH[00m:[01;34m/mnt/c/Users/LEE/Documents/202506_VS/day6[00m$ [K]0;jhlee1@JH: /mnt/c/Users/LEE/Documents/202506_VS/day6[01;32mjhlee1@JH[00m:[01;34m/mnt/c/Users/LEE/Documents/202506_VS/day6[00m$ git commit -m "first commit : organize_log_file.py"[22Padd organize_log_files.pystatus[Kpython organize_log_files.py 
[?2004l파일을 찾을 수 없습니다.
[?2004h]0;jhlee1@JH: /mnt/c/Users/LEE/Documents/202506_VS/day6[01;32mjhlee1@JH[00m:[01;34m/mnt/c/Users/LEE/Documents/202506_VS/day6[00m$ python organize_log_files.py git commit -m "first commit : organize_log_file.py"[22Padd organize_log_files.py
[?2004l[?2004h]0;jhlee1@JH: /mnt/c/Users/LEE/Documents/202506_VS/day6[01;32mjhlee1@JH[00m:[01;34m/mnt/c/Users/LEE/Documents/202506_VS/day6[00m$ git add organize_log_files.pypython organize_log_files.py git commit -m "first commit : organize_log_file.py"[1P[1P[1P[1P[1P[1@s[1@e[1@c[1@o[1@n[1@d[C[C[C[C[C[C[C[C[C[C[C[C[C[C[C[C[C[C[C[C[C[C[C[C[C[C[C[C[C[C[C[C[C[1Porganize_log_file.py"[1Porganize_log_file.py"[1Porganize_log_file.py"[1Porganize_log_file.py"[1Porganize_log_file.py"[1Porganize_log_file.py"[1Porganize_log_file.py"[1Prganize_log_file.py"[1Porganize_log_file.py"[1Porganize_log_file.py"[1Porganize_log_file.py"[1Porganize_log_file.py"[1Prganize_log_file.py"[1Porganize_log_file.py"[1Porganize_log_file.py"[1Porganize_log_file.py"torganize_log_file.py"rorganize_log_file.py"yorganize_log_file.py",organize_log_file.py" organize_log_file.py"eorganize_log_file.py"xorganize_log_file.py"corganize_log_file.py"eorganize_log_file.py"porganize_log_file.py"torganize_log_file.py" organize_log_file.py":organize_log_file.py" organize_log_file.py"[C[C[C[C[C[C[C[1@a[1@d[1@d[1@ [C[C[C[C[C[C[C[C[C[C[C[C[C[C[C[C[C[C[C[C[C[C[C[C[C[C[C[C[C[C[C[C[C[C[C[C[C[C[C[C[C[C[C[C[C[C[C[C[C[C[C
[?2004l[main bce9434] add try, except : organize_log_file.py
 1 file changed, 6 insertions(+), 2 deletions(-)
[?2004h]0;jhlee1@JH: /mnt/c/Users/LEE/Documents/202506_VS/day6[01;32mjhlee1@JH[00m:[01;34m/mnt/c/Users/LEE/Documents/202506_VS/day6[00m$ git status
[?2004lOn branch main
Your branch is ahead of 'origin/main' by 2 commits.
  (use "git push" to publish your local commits)

Untracked files:
  (use "git add <file>..." to include in what will be committed)
	[31mterminal_log.txt[m

nothing added to commit but untracked files present (use "git add" to track)
[?2004h]0;jhlee1@JH: /mnt/c/Users/LEE/Documents/202506_VS/day6[01;32mjhlee1@JH[00m:[01;34m/mnt/c/Users/LEE/Documents/202506_VS/day6[00m$ git status[K[K[K[K[K[K[K[K[K[Kpython mea[K[Kake_log_files.py 
[?2004lTraceback (most recent call last):
  File "/mnt/c/Users/LEE/Documents/202506_VS/day6/make_log_files.py", line 19, in <module>
    with open("/logs/log.txt", "w") as f:
         ^^^^^^^^^^^^^^^^^^^^^^^^^^
FileNotFoundError: [Errno 2] No such file or directory: '/logs/log.txt'
[?2004h]0;jhlee1@JH: /mnt/c/Users/LEE/Documents/202506_VS/day6[01;32mjhlee1@JH[00m:[01;34m/mnt/c/Users/LEE/Documents/202506_VS/day6[00m$ python make_log_files.py 
[?2004l✅ log.txt 파일 생성 완료
[?2004h]0;jhlee1@JH: /mnt/c/Users/LEE/Documents/202506_VS/day6[01;32mjhlee1@JH[00m:[01;34m/mnt/c/Users/LEE/Documents/202506_VS/day6[00m$ python make_log_files.py [15Pgit status[K[K[K[K[K[K[K[K[K[Kpython organize_log_files.py 
[?2004l파일을 찾을 수 없습니다.
[?2004h]0;jhlee1@JH: /mnt/c/Users/LEE/Documents/202506_VS/day6[01;32mjhlee1@JH[00m:[01;34m/mnt/c/Users/LEE/Documents/202506_VS/day6[00m$ python organize_log_files.py 
[?2004l[?2004h]0;jhlee1@JH: /mnt/c/Users/LEE/Documents/202506_VS/day6[01;32mjhlee1@JH[00m:[01;34m/mnt/c/Users/LEE/Documents/202506_VS/day6[00m$ git statue[Ks
[?2004lOn branch main
Your branch is ahead of 'origin/main' by 2 commits.
  (use "git push" to publish your local commits)

Changes not staged for commit:
  (use "git add <file>..." to update what will be committed)
  (use "git restore <file>..." to discard changes in working directory)
	[31mmodified:   organize_log_files.py[m

Untracked files:
  (use "git add <file>..." to include in what will be committed)
	[31merror_log.txt[m
	[31mlog.txt[m
	[31mmake_log_files.py[m
	[31mterminal_log.txt[m

no changes added to commit (use "git add" and/or "git commit -a")
[?2004h]0;jhlee1@JH: /mnt/c/Users/LEE/Documents/202506_VS/day6[01;32mjhlee1@JH[00m:[01;34m/mnt/c/Users/LEE/Documents/202506_VS/day6[00m$ git add *.py
[?2004l[?2004h]0;jhlee1@JH: /mnt/c/Users/LEE/Documents/202506_VS/day6[01;32mjhlee1@JH[00m:[01;34m/mnt/c/Users/LEE/Documents/202506_VS/day6[00m$ git add *.py[K[K[K[K[K[K[K[Kcommit -m "[K[K[K[K[K[K[K[K[K[K[Kadd log.txt error_log.txt
[?2004l[?2004h]0;jhlee1@JH: /mnt/c/Users/LEE/Documents/202506_VS/day6[01;32mjhlee1@JH[00m:[01;34m/mnt/c/Users/LEE/Documents/202506_VS/day6[00m$ git stati[Kus
[?2004lOn branch main
Your branch is ahead of 'origin/main' by 2 commits.
  (use "git push" to publish your local commits)

Changes to be committed:
  (use "git restore --staged <file>..." to unstage)
	[32mnew file:   error_log.txt[m
	[32mnew file:   log.txt[m
	[32mnew file:   make_log_files.py[m
	[32mmodified:   organize_log_files.py[m

Untracked files:
  (use "git add <file>..." to include in what will be committed)
	[31mterminal_log.txt[m

[?2004h]0;jhlee1@JH: /mnt/c/Users/LEE/Documents/202506_VS/day6[01;32mjhlee1@JH[00m:[01;34m/mnt/c/Users/LEE/Documents/202506_VS/day6[00m$ git commit -m "add m[K[K [7mmake_log_files.py[27mmake_log_files.py"
[?2004l[main b97ab83] add make_log_files.py
 4 files changed, 47 insertions(+), 2 deletions(-)
 create mode 100644 error_log.txt
 create mode 100644 log.txt
 create mode 100644 make_log_files.py
[?2004h]0;jhlee1@JH: /mnt/c/Users/LEE/Documents/202506_VS/day6[01;32mjhlee1@JH[00m:[01;34m/mnt/c/Users/LEE/Documents/202506_VS/day6[00m$ git commit -m "add make_log_files.py"status[K
[?2004lOn branch main
Your branch is ahead of 'origin/main' by 3 commits.
  (use "git push" to publish your local commits)

Untracked files:
  (use "git add <file>..." to include in what will be committed)
	[31mterminal_log.txt[m

nothing added to commit but untracked files present (use "git add" to track)
[?2004h]0;jhlee1@JH: /mnt/c/Users/LEE/Documents/202506_VS/day6[01;32mjhlee1@JH[00m:[01;34m/mnt/c/Users/LEE/Documents/202506_VS/day6[00m$ git statuscommit -m "add make_log_files.py"status[Kadd log.txt error_log.txt*.py[K[2Pstatuspython organize_log_files.py 
[?2004l[?2004h]0;jhlee1@JH: /mnt/c/Users/LEE/Documents/202506_VS/day6[01;32mjhlee1@JH[00m:[01;34m/mnt/c/Users/LEE/Documents/202506_VS/day6[00m$ git status
[?2004lOn branch main
Your branch is ahead of 'origin/main' by 3 commits.
  (use "git push" to publish your local commits)

Changes not staged for commit:
  (use "git add <file>..." to update what will be committed)
  (use "git restore <file>..." to discard changes in working directory)
	[31mmodified:   organize_log_files.py[m

Untracked files:
  (use "git add <file>..." to include in what will be committed)
	[31minfo_log.txt[m
	[31mterminal_log.txt[m
	[31mwarning_log.txt[m

no changes added to commit (use "git add" and/or "git commit -a")
[?2004h]0;jhlee1@JH: /mnt/c/Users/LEE/Documents/202506_VS/day6[01;32mjhlee1@JH[00m:[01;34m/mnt/c/Users/LEE/Documents/202506_VS/day6[00m$ git log[K[K[K[K add organize_log_files.py 
[?2004l[?2004h]0;jhlee1@JH: /mnt/c/Users/LEE/Documents/202506_VS/day6[01;32mjhlee1@JH[00m:[01;34m/mnt/c/Users/LEE/Documents/202506_VS/day6[00m$ gir[Kt commit -m "add info, warning:[K"[K :[K[K"
[?2004l[main e95b4c7] add info, warning
 1 file changed, 11 insertions(+), 1 deletion(-)
[?2004h]0;jhlee1@JH: /mnt/c/Users/LEE/Documents/202506_VS/day6[01;32mjhlee1@JH[00m:[01;34m/mnt/c/Users/LEE/Documents/202506_VS/day6[00m$ python organize_log_files.py 
[?2004l[?2004h]0;jhlee1@JH: /mnt/c/Users/LEE/Documents/202506_VS/day6[01;32mjhlee1@JH[00m:[01;34m/mnt/c/Users/LEE/Documents/202506_VS/day6[00m$ python organize_log_files.py git commit -m "add info, warning"[3Padd organize_log_files.py info_lit[K[Kog,t[K[K.txt warning_log.txt
[?2004l[?2004h]0;jhlee1@JH: /mnt/c/Users/LEE/Documents/202506_VS/day6[01;32mjhlee1@JH[00m:[01;34m/mnt/c/Users/LEE/Documents/202506_VS/day6[00m$ git commit -m "add"
[?2004l[main 214e423] add
 3 files changed, 17 insertions(+), 1 deletion(-)
 create mode 100644 info_log.txt
 create mode 100644 warning_log.txt
[?2004h]0;jhlee1@JH: /mnt/c/Users/LEE/Documents/202506_VS/day6[01;32mjhlee1@JH[00m:[01;34m/mnt/c/Users/LEE/Documents/202506_VS/day6[00m$ git status
[?2004lOn branch main
Your branch is ahead of 'origin/main' by 5 commits.
  (use "git push" to publish your local commits)

Untracked files:
  (use "git add <file>..." to include in what will be committed)
	[31mterminal_log.txt[m

nothing added to commit but untracked files present (use "git add" to track)
[?2004h]0;jhlee1@JH: /mnt/c/Users/LEE/Documents/202506_VS/day6[01;32mjhlee1@JH[00m:[01;34m/mnt/c/Users/LEE/Documents/202506_VS/day6[00m$ git [K[K[K[Kexit[K[K[K[K
[7mgit config --global user.name email21[27m
[7mgit config --global user.email steady.challenger@gmail.com[27m[Agit config --global user.name email21
git config --global user.email steady.challenger@gmail.com
[?2004l[?2004h]0;jhlee1@JH: /mnt/c/Users/LEE/Documents/202506_VS/day6[01;32mjhlee1@JH[00m:[01;34m/mnt/c/Users/LEE/Documents/202506_VS/day6[00m$ git push origin
[?2004lEnumerating objects: 21, done.
Counting objects:   4% (1/21)Counting objects:   9% (2/21)Counting objects:  14% (3/21)Counting objects:  19% (4/21)Counting objects:  23% (5/21)Counting objects:  28% (6/21)Counting objects:  33% (7/21)Counting objects:  38% (8/21)Counting objects:  42% (9/21)Counting objects:  47% (10/21)Counting objects:  52% (11/21)Counting objects:  57% (12/21)Counting objects:  61% (13/21)Counting objects:  66% (14/21)Counting objects:  71% (15/21)Counting objects:  76% (16/21)Counting objects:  80% (17/21)Counting objects:  85% (18/21)Counting objects:  90% (19/21)Counting objects:  95% (20/21)Counting objects: 100% (21/21)Counting objects: 100% (21/21), done.
Delta compression using up to 12 threads
Compressing objects:   5% (1/20)Compressing objects:  10% (2/20)Compressing objects:  15% (3/20)Compressing objects:  20% (4/20)Compressing objects:  25% (5/20)Compressing objects:  30% (6/20)Compressing objects:  35% (7/20)Compressing objects:  40% (8/20)Compressing objects:  45% (9/20)Compressing objects:  50% (10/20)Compressing objects:  55% (11/20)Compressing objects:  60% (12/20)Compressing objects:  65% (13/20)Compressing objects:  70% (14/20)Compressing objects:  75% (15/20)Compressing objects:  80% (16/20)Compressing objects:  85% (17/20)Compressing objects:  90% (18/20)Compressing objects:  95% (19/20)Compressing objects: 100% (20/20)Compressing objects: 100% (20/20), done.
Writing objects:   5% (1/20)Writing objects:  10% (2/20)Writing objects:  15% (3/20)Writing objects:  20% (4/20)Writing objects:  25% (5/20)Writing objects:  30% (6/20)Writing objects:  35% (7/20)Writing objects:  40% (8/20)Writing objects:  45% (9/20)Writing objects:  50% (10/20)Writing objects:  55% (11/20)Writing objects:  60% (12/20)Writing objects:  65% (13/20)Writing objects:  70% (14/20)Writing objects:  75% (15/20)Writing objects:  80% (16/20)Writing objects:  85% (17/20)Writing objects:  90% (18/20)Writing objects:  95% (19/20)Writing objects: 100% (20/20)Writing objects: 100% (20/20), 2.86 KiB | 31.00 KiB/s, done.
Total 20 (delta 6), reused 0 (delta 0), pack-reused 0
remote: Resolving deltas:   0% (0/6)[Kremote: Resolving deltas:  16% (1/6)[Kremote: Resolving deltas:  33% (2/6)[Kremote: Resolving deltas:  50% (3/6)[Kremote: Resolving deltas:  66% (4/6)[Kremote: Resolving deltas:  83% (5/6)[Kremote: Resolving deltas: 100% (6/6)[Kremote: Resolving deltas: 100% (6/6), done.[K
To https://github.com/email21/day6.git
   f6861ec..214e423  main -> main
[?2004h]0;jhlee1@JH: /mnt/c/Users/LEE/Documents/202506_VS/day6[01;32mjhlee1@JH[00m:[01;34m/mnt/c/Users/LEE/Documents/202506_VS/day6[00m$ ex[K[Kls
[?2004l[0m[01;32mREADME.md[0m  [01;32merror_log.txt[0m  [01;32minfo_log.txt[0m  [01;32mlog.txt[0m  [01;32mmake_log_files.py[0m  [01;32morganize_log_files.py[0m  [01;32mterminal_log.txt[0m  [01;32mwarning_log.txt[0m
[?2004h]0;jhlee1@JH: /mnt/c/Users/LEE/Documents/202506_VS/day6[01;32mjhlee1@JH[00m:[01;34m/mnt/c/Users/LEE/Documents/202506_VS/day6[00m$ mk dir[K[K[K[Kdir [7mTask1_organize_log[27mTask1_organize_log
[?2004l[?2004h]0;jhlee1@JH: /mnt/c/Users/LEE/Documents/202506_VS/day6[01;32mjhlee1@JH[00m:[01;34m/mnt/c/Users/LEE/Documents/202506_VS/day6[00m$ ls
[?2004l[0m[01;32mREADME.md[0m  [34;42mTask1_organize_log[0m  [01;32merror_log.txt[0m  [01;32minfo_log.txt[0m  [01;32mlog.txt[0m  [01;32mmake_log_files.py[0m  [01;32morganize_log_files.py[0m  [01;32mterminal_log.txt[0m  [01;32mwarning_log.txt[0m
[?2004h]0;jhlee1@JH: /mnt/c/Users/LEE/Documents/202506_VS/day6[01;32mjhlee1@JH[00m:[01;34m/mnt/c/Users/LEE/Documents/202506_VS/day6[00m$ [7mmv day6/error_log.txt day6/Task1_organize_log/[27mmv day6/error_log.txt day6/Task1_organize_log/
[?2004lmv: cannot stat 'day6/error_log.txt': No such file or directory
[?2004h]0;jhlee1@JH: /mnt/c/Users/LEE/Documents/202506_VS/day6[01;32mjhlee1@JH[00m:[01;34m/mnt/c/Users/LEE/Documents/202506_VS/day6[00m$ cd ..
[?2004l[?2004h]0;jhlee1@JH: /mnt/c/Users/LEE/Documents/202506_VS[01;32mjhlee1@JH[00m:[01;34m/mnt/c/Users/LEE/Documents/202506_VS[00m$ [7mmv day6/error_log.txt day6/Task1_organize_log/[27mmv day6/error_log.txt day6/Task1_organize_log/
[?2004l[?2004h]0;jhlee1@JH: /mnt/c/Users/LEE/Documents/202506_VS[01;32mjhlee1@JH[00m:[01;34m/mnt/c/Users/LEE/Documents/202506_VS[00m$ [7mmv day6/info_log.txt day6/Task1_organize_log/[27m
[7mmv day6/log.txt day6/Task1_organize_log/[27m
[7mmv day6/make_log_files.py day6/Task1_organize_log/[27m
[7mmv day6/organize_log_files.py day6/Task1_organize_log/[27m
[7mmv day6/warning_log.txt day6/Task1_organize_log/[27m[A[A[A[Amv day6/info_log.txt day6/Task1_organize_log/
mv day6/log.txt day6/Task1_organize_log/
mv day6/make_log_files.py day6/Task1_organize_log/
mv day6/organize_log_files.py day6/Task1_organize_log/
mv day6/warning_log.txt day6/Task1_organize_log/
[?2004l[?2004h]0;jhlee1@JH: /mnt/c/Users/LEE/Documents/202506_VS[01;32mjhlee1@JH[00m:[01;34m/mnt/c/Users/LEE/Documents/202506_VS[00m$ cd ta[K[Kday6
[?2004l[?2004h]0;jhlee1@JH: /mnt/c/Users/LEE/Documents/202506_VS/day6[01;32mjhlee1@JH[00m:[01;34m/mnt/c/Users/LEE/Documents/202506_VS/day6[00m$ ls
[?2004l[0m[01;32mREADME.md[0m  [34;42mTask1_organize_log[0m  [01;32mterminal_log.txt[0m
[?2004h]0;jhlee1@JH: /mnt/c/Users/LEE/Documents/202506_VS/day6[01;32mjhlee1@JH[00m:[01;34m/mnt/c/Users/LEE/Documents/202506_VS/day6[00m$ git status
[?2004lOn branch main
Your branch is up to date with 'origin/main'.

Changes not staged for commit:
  (use "git add/rm <file>..." to update what will be committed)
  (use "git restore <file>..." to discard changes in working directory)
	[31mdeleted:    error_log.txt[m
	[31mdeleted:    info_log.txt[m
	[31mdeleted:    log.txt[m
	[31mdeleted:    make_log_files.py[m
	[31mdeleted:    organize_log_files.py[m
	[31mdeleted:    warning_log.txt[m

Untracked files:
  (use "git add <file>..." to include in what will be committed)
	[31mTask1_organize_log/[m
	[31mterminal_log.txt[m

no changes added to commit (use "git add" and/or "git commit -a")
[?2004h]0;jhlee1@JH: /mnt/c/Users/LEE/Documents/202506_VS/day6[01;32mjhlee1@JH[00m:[01;34m/mnt/c/Users/LEE/Documents/202506_VS/day6[00m$ [7mgit add Task1_organize_log/[27m
[A[C[C[C[C[C[C[C[C[C[C[C[C[C[C[C[C[C[C[C[C[C[C[C[C[C[C[C[C[C[C[C[C[C[C[C[C[C[C[C[C[C[C[C[C[C[C[C[C[C[C[C[C[Cgit add Task1_organize_log/
[A
[?2004l[?2004h]0;jhlee1@JH: /mnt/c/Users/LEE/Documents/202506_VS/day6[01;32mjhlee1@JH[00m:[01;34m/mnt/c/Users/LEE/Documents/202506_VS/day6[00m$ [7mgit commit -m "Moved log and script files to Task1_organize_log folder"[27m
[A[C[C[C[C[C[C[C[C[C[C[C[C[C[C[C[C[C[C[C[C[C[C[C[C[C[C[C[C[C[C[C[C[C[C[C[C[C[C[C[C[C[C[C[C[C[C[C[C[C[C[C[C[Cgit commit -m "Moved log and script files to Task1_organize_log folder"
[A
[?2004l[main 8f1fc1f] Moved log and script files to Task1_organize_log folder
 6 files changed, 90 insertions(+)
 create mode 100644 Task1_organize_log/error_log.txt
 create mode 100644 Task1_organize_log/info_log.txt
 create mode 100644 Task1_organize_log/log.txt
 create mode 100644 Task1_organize_log/make_log_files.py
 create mode 100644 Task1_organize_log/organize_log_files.py
 create mode 100644 Task1_organize_log/warning_log.txt
[?2004h]0;jhlee1@JH: /mnt/c/Users/LEE/Documents/202506_VS/day6[01;32mjhlee1@JH[00m:[01;34m/mnt/c/Users/LEE/Documents/202506_VS/day6[00m$ git status
[?2004lOn branch main
Your branch is ahead of 'origin/main' by 1 commit.
  (use "git push" to publish your local commits)

Changes not staged for commit:
  (use "git add/rm <file>..." to update what will be committed)
  (use "git restore <file>..." to discard changes in working directory)
	[31mdeleted:    error_log.txt[m
	[31mdeleted:    info_log.txt[m
	[31mdeleted:    log.txt[m
	[31mdeleted:    make_log_files.py[m
	[31mdeleted:    organize_log_files.py[m
	[31mdeleted:    warning_log.txt[m

Untracked files:
  (use "git add <file>..." to include in what will be committed)
	[31mterminal_log.txt[m

no changes added to commit (use "git add" and/or "git commit -a")
[?2004h]0;jhlee1@JH: /mnt/c/Users/LEE/Documents/202506_VS/day6[01;32mjhlee1@JH[00m:[01;34m/mnt/c/Users/LEE/Documents/202506_VS/day6[00m$ git push origin
[?2004lEnumerating objects: 4, done.
Counting objects:  25% (1/4)Counting objects:  50% (2/4)Counting objects:  75% (3/4)Counting objects: 100% (4/4)Counting objects: 100% (4/4), done.
Delta compression using up to 12 threads
Compressing objects:  33% (1/3)Compressing objects:  66% (2/3)Compressing objects: 100% (3/3)Compressing objects: 100% (3/3), done.
Writing objects:  33% (1/3)Writing objects:  66% (2/3)Writing objects: 100% (3/3)Writing objects: 100% (3/3), 517 bytes | 47.00 KiB/s, done.
Total 3 (delta 1), reused 0 (delta 0), pack-reused 0
remote: Resolving deltas:   0% (0/1)[Kremote: Resolving deltas: 100% (1/1)[Kremote: Resolving deltas: 100% (1/1), completed with 1 local object.[K
To https://github.com/email21/day6.git
   214e423..8f1fc1f  main -> main
[?2004h]0;jhlee1@JH: /mnt/c/Users/LEE/Documents/202506_VS/day6[01;32mjhlee1@JH[00m:[01;34m/mnt/c/Users/LEE/Documents/202506_VS/day6[00m$ ls
[?2004l[0m[01;32mREADME.md[0m  [34;42mTask1_organize_log[0m  [01;32mterminal_log.txt[0m
[?2004h]0;jhlee1@JH: /mnt/c/Users/LEE/Documents/202506_VS/day6[01;32mjhlee1@JH[00m:[01;34m/mnt/c/Users/LEE/Documents/202506_VS/day6[00m$ git add -u
[?2004l[?2004h]0;jhlee1@JH: /mnt/c/Users/LEE/Documents/202506_VS/day6[01;32mjhlee1@JH[00m:[01;34m/mnt/c/Users/LEE/Documents/202506_VS/day6[00m$ gis[Kt status
[?2004lOn branch main
Your branch is up to date with 'origin/main'.

Changes to be committed:
  (use "git restore --staged <file>..." to unstage)
	[32mdeleted:    error_log.txt[m
	[32mdeleted:    info_log.txt[m
	[32mdeleted:    log.txt[m
	[32mdeleted:    make_log_files.py[m
	[32mdeleted:    organize_log_files.py[m
	[32mdeleted:    warning_log.txt[m

Untracked files:
  (use "git add <file>..." to include in what will be committed)
	[31mterminal_log.txt[m

[?2004h]0;jhlee1@JH: /mnt/c/Users/LEE/Documents/202506_VS/day6[01;32mjhlee1@JH[00m:[01;34m/mnt/c/Users/LEE/Documents/202506_VS/day6[00m$ [7mgit commit -m "Remove moved files from day6 folder"[27mgit commit -m "Remove moved files from day6 folder"
[?2004l[main 3a0ee1e] Remove moved files from day6 folder
 6 files changed, 90 deletions(-)
 delete mode 100644 error_log.txt
 delete mode 100644 info_log.txt
 delete mode 100644 log.txt
 delete mode 100644 make_log_files.py
 delete mode 100644 organize_log_files.py
 delete mode 100644 warning_log.txt
[?2004h]0;jhlee1@JH: /mnt/c/Users/LEE/Documents/202506_VS/day6[01;32mjhlee1@JH[00m:[01;34m/mnt/c/Users/LEE/Documents/202506_VS/day6[00m$ git commit -m "Remove moved files from day6 folder"status[K
[?2004lOn branch main
Your branch is ahead of 'origin/main' by 1 commit.
  (use "git push" to publish your local commits)

Untracked files:
  (use "git add <file>..." to include in what will be committed)
	[31mterminal_log.txt[m

nothing added to commit but untracked files present (use "git add" to track)
[?2004h]0;jhlee1@JH: /mnt/c/Users/LEE/Documents/202506_VS/day6[01;32mjhlee1@JH[00m:[01;34m/mnt/c/Users/LEE/Documents/202506_VS/day6[00m$ fi[K[Kgit push origni[K[Kin
[?2004lEnumerating objects: 3, done.
Counting objects:  33% (1/3)Counting objects:  66% (2/3)Counting objects: 100% (3/3)Counting objects: 100% (3/3), done.
Delta compression using up to 12 threads
Compressing objects:  50% (1/2)Compressing objects: 100% (2/2)Compressing objects: 100% (2/2), done.
Writing objects:  50% (1/2)Writing objects: 100% (2/2)Writing objects: 100% (2/2), 239 bytes | 11.00 KiB/s, done.
Total 2 (delta 1), reused 0 (delta 0), pack-reused 0
remote: Resolving deltas:   0% (0/1)[Kremote: Resolving deltas: 100% (1/1)[Kremote: Resolving deltas: 100% (1/1), completed with 1 local object.[K
To https://github.com/email21/day6.git
   8f1fc1f..3a0ee1e  main -> main
[?2004h]0;jhlee1@JH: /mnt/c/Users/LEE/Documents/202506_VS/day6[01;32mjhlee1@JH[00m:[01;34m/mnt/c/Users/LEE/Documents/202506_VS/day6[00m$ git remote -v
[?2004lorigin	https://github.com/email21/day6.git (fetch)
origin	https://github.com/email21/day6.git (push)
[?2004h]0;jhlee1@JH: /mnt/c/Users/LEE/Documents/202506_VS/day6[01;32mjhlee1@JH[00m:[01;34m/mnt/c/Users/LEE/Documents/202506_VS/day6[00m$ [K]0;jhlee1@JH: /mnt/c/Users/LEE/Documents/202506_VS/day6[01;32mjhlee1@JH[00m:[01;34m/mnt/c/Users/LEE/Documents/202506_VS/day6[00m$ [K]0;jhlee1@JH: /mnt/c/Users/LEE/Documents/202506_VS/day6[01;32mjhlee1@JH[00m:[01;34m/mnt/c/Users/LEE/Documents/202506_VS/day6[00m$ [K]0;jhlee1@JH: /mnt/c/Users/LEE/Documents/202506_VS/day6[01;32mjhlee1@JH[00m:[01;34m/mnt/c/Users/LEE/Documents/202506_VS/day6[00m$ [K]0;jhlee1@JH: /mnt/c/Users/LEE/Documents/202506_VS/day6[01;32mjhlee1@JH[00m:[01;34m/mnt/c/Users/LEE/Documents/202506_VS/day6[00m$ [K]0;jhlee1@JH: /mnt/c/Users/LEE/Documents/202506_VS/day6[01;32mjhlee1@JH[00m:[01;34m/mnt/c/Users/LEE/Documents/202506_VS/day6[00m$ [K]0;jhlee1@JH: /mnt/c/Users/LEE/Documents/202506_VS/day6[01;32mjhlee1@JH[00m:[01;34m/mnt/c/Users/LEE/Documents/202506_VS/day6[00m$ [K]0;jhlee1@JH: /mnt/c/Users/LEE/Documents/202506_VS/day6[01;32mjhlee1@JH[00m:[01;34m/mnt/c/Users/LEE/Documents/202506_VS/day6[00m$ history > history
[?2004l[?2004h]0;jhlee1@JH: /mnt/c/Users/LEE/Documents/202506_VS/day6[01;32mjhlee1@JH[00m:[01;34m/mnt/c/Users/LEE/Documents/202506_VS/day6[00m$ ls -a > la[Ks
[?2004l[?2004h]0;jhlee1@JH: /mnt/c/Users/LEE/Documents/202506_VS/day6[01;32mjhlee1@JH[00m:[01;34m/mnt/c/Users/LEE/Documents/202506_VS/day6[00m$ ls -a
[?2004l[0m[34;42m.[0m  [34;42m..[0m  [34;42m.git[0m  [01;32mREADME.md[0m  [34;42mTask1_organize_log[0m  [01;32mhistory[0m  [01;32mls[0m  [01;32mterminal_log.txt[0m
[?2004h]0;jhlee1@JH: /mnt/c/Users/LEE/Documents/202506_VS/day6[01;32mjhlee1@JH[00m:[01;34m/mnt/c/Users/LEE/Documents/202506_VS/day6[00m$ ls -a > lshistory > history_file
[?2004l[?2004h]0;jhlee1@JH: /mnt/c/Users/LEE/Documents/202506_VS/day6[01;32mjhlee1@JH[00m:[01;34m/mnt/c/Users/LEE/Documents/202506_VS/day6[00m$ exit
[?2004lexit

Script done on 2025-07-01 21:26:49+09:00 [COMMAND_EXIT_CODE="0"]
